MPLINK 4.37, Linker
Linker Map File - Created Sun Jul 02 10:45:48 2017

                                 Section Info
                  Section       Type    Address   Location Size(Bytes)
                ---------  ---------  ---------  ---------  ---------
                   .org_0       code   0x000000    program   0x000000
                   .org_1       code   0x000000    program   0x000002
                   .org_2       code   0x000004    program   0x000074
.config_2007_ARQUIVO_BASE.O       code   0x002007    program   0x000002



                              Program Memory Usage 
                               Start         End      
                           ---------   ---------      
                            0x000000    0x000000      
                            0x000004    0x00003d      
                            0x002007    0x002007      
            60 out of 2182 program addresses used, program memory utilization is 2%



                              Symbols - Sorted by Name
                     Name    Address   Location    Storage File                     
                ---------  ---------  ---------  --------- ---------                
                    BGNNG   0x00002f    program     static C:\Users\devwarlt\Desktop\P3 - Hardware\arquivo_base.asm
                    DELAY   0x000013    program     static C:\Users\devwarlt\Desktop\P3 - Hardware\arquivo_base.asm
                  END_INT   0x00000e    program     static C:\Users\devwarlt\Desktop\P3 - Hardware\arquivo_base.asm
                   INICIO   0x000021    program     static C:\Users\devwarlt\Desktop\P3 - Hardware\arquivo_base.asm
                     LOOP   0x000019    program     static C:\Users\devwarlt\Desktop\P3 - Hardware\arquivo_base.asm
                 LOOP_1MS   0x000017    program     static C:\Users\devwarlt\Desktop\P3 - Hardware\arquivo_base.asm
               LOOP_250MS   0x000015    program     static C:\Users\devwarlt\Desktop\P3 - Hardware\arquivo_base.asm
                     MAIN   0x000033    program     static C:\Users\devwarlt\Desktop\P3 - Hardware\arquivo_base.asm



                              Symbols - Sorted by Address
                     Name    Address   Location    Storage File                     
                ---------  ---------  ---------  --------- ---------                
                  END_INT   0x00000e    program     static C:\Users\devwarlt\Desktop\P3 - Hardware\arquivo_base.asm
                    DELAY   0x000013    program     static C:\Users\devwarlt\Desktop\P3 - Hardware\arquivo_base.asm
               LOOP_250MS   0x000015    program     static C:\Users\devwarlt\Desktop\P3 - Hardware\arquivo_base.asm
                 LOOP_1MS   0x000017    program     static C:\Users\devwarlt\Desktop\P3 - Hardware\arquivo_base.asm
                     LOOP   0x000019    program     static C:\Users\devwarlt\Desktop\P3 - Hardware\arquivo_base.asm
                   INICIO   0x000021    program     static C:\Users\devwarlt\Desktop\P3 - Hardware\arquivo_base.asm
                    BGNNG   0x00002f    program     static C:\Users\devwarlt\Desktop\P3 - Hardware\arquivo_base.asm
                     MAIN   0x000033    program     static C:\Users\devwarlt\Desktop\P3 - Hardware\arquivo_base.asm


