MPASM  5.37                  ARQUIVO_BASE.ASM   7-2-2017  11:05:30         PAGE  1


LOC  OBJECT CODE     LINE SOURCE TEXT
  VALUE

                      00001 #INCLUDE P16F628A.INC
                      00001         LIST
                      00002 ; P16F628A.INC  Standard Header File, Version 1.10    Microchip Technology, Inc.
                      00265         LIST
                      00266 
                      00002 
Warning[205]: Found directive in column 1. (__CONFIG)
2007   3F61           00003 __CONFIG _BOREN_ON & _CP_OFF & _PWRTE_ON & _WDT_OFF & _LVP_OFF & _MCLRE_ON & _XT_OSC
                      00004 
                      00005 #DEFINE         BANK0   BCF     STATUS,RP0
                      00006 #DEFINE         BANK1   BSF     STATUS,RP0
                      00007 #DEFINE         CHAVE1  PORTA,0
                      00008 #DEFINE         CHAVE2  PORTA,1
                      00009 #DEFINE         CHAVE3  PORTA,2
                      00010 #DEFINE         LED1            PORTB,1
                      00011 #DEFINE         LED2    PORTB,2
                      00012 #DEFINE         SIRENE  PORTB,3
                      00013 
Warning[207]: Found label after column 1. (FREQ)
  00000020            00014         FREQ    EQU             20H
Warning[207]: Found label after column 1. (DL0)
  00000021            00015         DL0             EQU             21H
Warning[207]: Found label after column 1. (DL1)
  00000022            00016         DL1             EQU             22H
Warning[207]: Found label after column 1. (DL2)
  00000023            00017         DL2             EQU             23H
Warning[207]: Found label after column 1. (SAVE_W)
  00000024            00018         SAVE_W  EQU             24H
Warning[207]: Found label after column 1. (SAVE_S)
  00000025            00019         SAVE_S  EQU             25H
                      00020 
0000                  00021         ORG             000H
0000   2821           00022         GOTO            INICIO
                      00023 
0004                  00024         ORG             004H
0004   00A4           00025         MOVWF   SAVE_W
0005   0E03           00026         SWAPF   STATUS,W
0006   00A5           00027         MOVWF   SAVE_S
0007   1D0B           00028         BTFSS   INTCON,T0IF
0008   280E           00029         GOTO            END_INT
0009   110B           00030         BCF             INTCON,T0IF
000A   3020           00031         MOVLW   FREQ
000B   0081           00032         MOVWF   TMR0
000C   3008           00033         MOVLW   B'00001000'
000D   0686           00034         XORWF   PORTB,F
000E                  00035 END_INT:
000E   0E25           00036         SWAPF   SAVE_S,W
000F   0083           00037         MOVWF   STATUS
0010   0EA4           00038         SWAPF   SAVE_W,F
0011   0E24           00039         SWAPF   SAVE_W,W
0012   0009           00040         RETFIE
                      00041 
0013                  00042 DELAY:
MPASM  5.37                  ARQUIVO_BASE.ASM   7-2-2017  11:05:30         PAGE  2


LOC  OBJECT CODE     LINE SOURCE TEXT
  VALUE

0013   3002           00043         MOVLW   .2
0014   00A3           00044         MOVWF   DL2
0015                  00045 LOOP_250MS:
0015   30FA           00046         MOVLW   .250
0016   00A2           00047         MOVWF   DL1
0017                  00048 LOOP_1MS:
0017   30C8           00049         MOVLW   .200
0018   00A1           00050         MOVWF   DL0
0019                  00051 LOOP:
0019   0000           00052         NOP
001A   0BA1           00053         DECFSZ  DL0,F
001B   2819           00054         GOTO            LOOP
001C   0BA2           00055         DECFSZ  DL1,F
001D   2817           00056         GOTO            LOOP_1MS
001E   0BA3           00057         DECFSZ  DL2,F
001F   2815           00058         GOTO            LOOP_250MS
0020   0008           00059         RETURN
                      00060 
0021                  00061 INICIO:
0021   0185           00062         CLRF    PORTA
0022   0186           00063         CLRF    PORTB
0023   1683           00064         BANK1
0024   3007           00065         MOVLW   B'00000111'
Message[302]: Register in operand not in bank 0.  Ensure that bank bits are correct.
0025   0085           00066         MOVWF   TRISA
0026   3000           00067         MOVLW   B'00000000'
Message[302]: Register in operand not in bank 0.  Ensure that bank bits are correct.
0027   0086           00068         MOVWF   TRISB
0028   3080           00069         MOVLW   B'10000000'
Message[302]: Register in operand not in bank 0.  Ensure that bank bits are correct.
0029   0081           00070         MOVWF   OPTION_REG
002A   3020           00071         MOVLW   B'00100000'
002B   008B           00072         MOVWF   INTCON
002C   1283           00073         BANK0
002D   3007           00074         MOVLW   B'00000111'
002E   009F           00075         MOVWF   CMCON
002F                  00076 BGNNG:
002F   1486           00077         BSF             LED1
0030   1506           00078         BSF             LED2
0031   1885           00079         BTFSC   CHAVE2
0032   282F           00080         GOTO    BGNNG
0033   150B           00081         BSF             INTCON,T0IF
0034   1586           00082         BSF             SIRENE
0035                  00083 MAIN:
0035   1486           00084         BSF             LED1
0036   1106           00085         BCF             LED2
0037   3063           00086         MOVLW   .99
0038   00A0           00087         MOVWF   FREQ
0039   2013           00088         CALL    DELAY
003A   1086           00089         BCF             LED1
003B   1506           00090         BSF             LED2
003C   30C7           00091         MOVLW   .199
003D   00A0           00092         MOVWF   FREQ
MPASM  5.37                  ARQUIVO_BASE.ASM   7-2-2017  11:05:30         PAGE  3


LOC  OBJECT CODE     LINE SOURCE TEXT
  VALUE

003E   2013           00093         CALL    DELAY
003F   2835           00094         GOTO            MAIN
                      00095         END
MPASM  5.37                  ARQUIVO_BASE.ASM   7-2-2017  11:05:30         PAGE  4


SYMBOL TABLE
  LABEL                             VALUE 

ADEN                              00000003
BANK0                             BCF     STATUS,RP0
BANK1                             BSF     STATUS,RP0
BGNNG                             0000002F
BRGH                              00000002
C                                 00000000
C1INV                             00000004
C1OUT                             00000006
C2INV                             00000005
C2OUT                             00000007
CCP1CON                           00000017
CCP1IE                            00000002
CCP1IF                            00000002
CCP1M0                            00000000
CCP1M1                            00000001
CCP1M2                            00000002
CCP1M3                            00000003
CCP1X                             00000005
CCP1Y                             00000004
CCPR1H                            00000016
CCPR1L                            00000015
CHAVE1                            PORTA,0
CHAVE2                            PORTA,1
CHAVE3                            PORTA,2
CIS                               00000003
CM0                               00000000
CM1                               00000001
CM2                               00000002
CMCON                             0000001F
CMIE                              00000006
CMIF                              00000006
CREN                              00000004
CSRC                              00000007
DC                                00000001
DELAY                             00000013
DL0                               00000021
DL1                               00000022
DL2                               00000023
EEADR                             0000009B
EECON1                            0000009C
EECON2                            0000009D
EEDATA                            0000009A
EEIE                              00000007
EEIF                              00000007
END_INT                           0000000E
F                                 00000001
FERR                              00000002
FREQ                              00000020
FSR                               00000004
GIE                               00000007
INDF                              00000000
INICIO                            00000021
INTCON                            0000000B
MPASM  5.37                  ARQUIVO_BASE.ASM   7-2-2017  11:05:30         PAGE  5


SYMBOL TABLE
  LABEL                             VALUE 

INTE                              00000004
INTEDG                            00000006
INTF                              00000001
IRP                               00000007
LED1                              PORTB,1
LED2                              PORTB,2
LOOP                              00000019
LOOP_1MS                          00000017
LOOP_250MS                        00000015
MAIN                              00000035
NOT_BO                            00000000
NOT_BOD                           00000000
NOT_BOR                           00000000
NOT_PD                            00000003
NOT_POR                           00000001
NOT_RBPU                          00000007
NOT_T1SYNC                        00000002
NOT_TO                            00000004
OERR                              00000001
OPTION_REG                        00000081
OSCF                              00000003
PCL                               00000002
PCLATH                            0000000A
PCON                              0000008E
PEIE                              00000006
PIE1                              0000008C
PIR1                              0000000C
PORTA                             00000005
PORTB                             00000006
PR2                               00000092
PS0                               00000000
PS1                               00000001
PS2                               00000002
PSA                               00000003
RBIE                              00000003
RBIF                              00000000
RCIE                              00000005
RCIF                              00000005
RCREG                             0000001A
RCSTA                             00000018
RD                                00000000
RP0                               00000005
RP1                               00000006
RX9                               00000006
RX9D                              00000000
SAVE_S                            00000025
SAVE_W                            00000024
SIRENE                            PORTB,3
SPBRG                             00000099
SPEN                              00000007
SREN                              00000005
STATUS                            00000003
SYNC                              00000004
MPASM  5.37                  ARQUIVO_BASE.ASM   7-2-2017  11:05:30         PAGE  6


SYMBOL TABLE
  LABEL                             VALUE 

T0CS                              00000005
T0IE                              00000005
T0IF                              00000002
T0SE                              00000004
T1CKPS0                           00000004
T1CKPS1                           00000005
T1CON                             00000010
T1OSCEN                           00000003
T2CKPS0                           00000000
T2CKPS1                           00000001
T2CON                             00000012
TMR0                              00000001
TMR1CS                            00000001
TMR1H                             0000000F
TMR1IE                            00000000
TMR1IF                            00000000
TMR1L                             0000000E
TMR1ON                            00000000
TMR2                              00000011
TMR2IE                            00000001
TMR2IF                            00000001
TMR2ON                            00000002
TOUTPS0                           00000003
TOUTPS1                           00000004
TOUTPS2                           00000005
TOUTPS3                           00000006
TRISA                             00000085
TRISB                             00000086
TRMT                              00000001
TX9                               00000006
TX9D                              00000000
TXEN                              00000005
TXIE                              00000004
TXIF                              00000004
TXREG                             00000019
TXSTA                             00000098
VR0                               00000000
VR1                               00000001
VR2                               00000002
VR3                               00000003
VRCON                             0000009F
VREN                              00000007
VROE                              00000006
VRR                               00000005
W                                 00000000
WR                                00000001
WREN                              00000002
WRERR                             00000003
Z                                 00000002
_BODEN_OFF                        00003FBF
_BODEN_ON                         00003FFF
_BOREN_OFF                        00003FBF
_BOREN_ON                         00003FFF
MPASM  5.37                  ARQUIVO_BASE.ASM   7-2-2017  11:05:30         PAGE  7


SYMBOL TABLE
  LABEL                             VALUE 

_CP_OFF                           00003FFF
_CP_ON                            00001FFF
_DATA_CP_OFF                      00003FFF
_DATA_CP_ON                       00003EFF
_ER_OSC_CLKOUT                    00003FFF
_ER_OSC_NOCLKOUT                  00003FFE
_EXTCLK_OSC                       00003FEF
_HS_OSC                           00003FEE
_INTOSC_OSC_CLKOUT                00003FFD
_INTOSC_OSC_NOCLKOUT              00003FFC
_INTRC_OSC_CLKOUT                 00003FFD
_INTRC_OSC_NOCLKOUT               00003FFC
_LP_OSC                           00003FEC
_LVP_OFF                          00003F7F
_LVP_ON                           00003FFF
_MCLRE_OFF                        00003FDF
_MCLRE_ON                         00003FFF
_PWRTE_OFF                        00003FFF
_PWRTE_ON                         00003FF7
_RC_OSC_CLKOUT                    00003FFF
_RC_OSC_NOCLKOUT                  00003FFE
_WDT_OFF                          00003FFB
_WDT_ON                           00003FFF
_XT_OSC                           00003FED
__16F628A                         00000001


MEMORY USAGE MAP ('X' = Used,  '-' = Unused)

0000 : X---XXXXXXXXXXXX XXXXXXXXXXXXXXXX XXXXXXXXXXXXXXXX XXXXXXXXXXXXXXXX
2000 : -------X-------- ---------------- ---------------- ----------------

All other memory blocks unused.

Program Memory Words Used:    61
Program Memory Words Free:  1987


Errors   :     0
Warnings :     7 reported,     0 suppressed
Messages :     3 reported,     0 suppressed

